1784209231302|466
1784209232370|469
1784209232673|466
1784209232817|465
1784209233020|466
1784209233234|461
1784209233245|454
1784209233376|464
1784209233490|447
1784209233534|464
1784209233618|459
1784209233621|458
1784209233628|451
1784209233695|470
1784209233737|466
1784209233777|464
1784209233832|462
1784209233839|463
1784209233862|468
1784209233942|455
1784209234128|463
1784209234145|465
1784209234211|464
1784209234243|465
1784209234267|461
1784209234333|465
1784209234404|451
1784209234435|467
1784209234441|468
1784209234463|464
1784209234535|468
1784209234557|468
1784209234588|454
1784209234593|453
1784209234598|463
1784209234611|465
1784209234611|463
1784209234616|455
1784209234628|466
1784209234639|452
1784209234641|464
1784209234646|457
1784209234664|464
1784209234698|454
1784209234701|468
1784209234719|467
1784209234733|450
1784209234770|455
1784209234804|463
1784209234805|461
1784209234901|467
1784209234930|466
1784209234934|469
1784209234949|464
1784209234960|454
1784209234981|466
1784209234981|466
1784209234983|467
1784209235012|463
1784209235035|455
1784209235041|466
1784209235100|464
1784209235113|461
1784209235135|465
1784209235145|466
1784209235178|465
1784209235212|465
1784209235232|457
1784209235238|466
1784209235262|450
1784209235274|463
1784209235290|468
1784209235311|468
1784209235329|467
1784209235345|449
1784209235350|464
1784209235355|464
1784209235363|466
1784209235374|464
1784209235385|456
1784209235392|466
1784209235393|467
1784209235403|468
1784209235403|467
1784209235421|467
1784209235471|452
1784209235489|464
1784209235500|464
1784209235516|462
1784209235527|463
1784209235557|465
1784209235557|466
1784209235571|461
1784209235571|468
1784209235573|462
1784209235620|468
1784209235621|465
1784209235646|468
1784209235657|462
1784209235660|468
1784209236304|463
1784209237367|466
1784209237673|466
1784209237819|459
1784209238024|465
1784209238231|467
1784209238241|456
1784209238374|464
1784209238487|453
1784209238529|461
1784209238613|459
1784209238619|459
1784209238626|453
1784209238698|466
1784209238739|467
1784209238782|465
1784209238836|465
1784209238842|470
1784209238866|459
1784209238945|462
1784209239125|466
1784209239142|465
1784209239207|467
1784209239240|466
1784209239262|468
1784209239329|466
1784209239398|451
1784209239433|464
1784209239440|465
1784209239462|464
1784209239536|468
1784209239560|467
1784209239593|462
1784209239596|458
1784209239603|463
1784209239615|464
1784209239616|463
1784209239619|457
1784209239630|461
1784209239643|451
1784209239646|465
1784209239649|455
1784209239668|468
1784209239701|456
1784209239705|468
1784209239722|467
1784209239737|452
1784209239768|457
1784209239802|463
1784209239802|468
1784209239899|464
1784209239929|464
1784209239933|468
1784209239946|464
1784209239958|459
1784209239978|470
1784209239979|465
1784209239982|459
1784209240012|465
1784209240031|464
1784209240037|461
1784209240095|467
1784209240108|464
1784209240130|461
1784209240141|467
1784209240171|465
1784209240209|465
1784209240225|463
1784209240232|468
1784209240262|459
1784209240274|457
1784209240291|467
1784209240315|467
1784209240333|462
1784209240347|458
1784209240353|466
1784209240357|462
1784209240367|462
1784209240378|466
1784209240389|458
1784209240394|467
1784209240396|465
1784209240406|463
1784209240406|470
1784209240424|466
1784209240474|458
1784209240492|465
1784209240503|455
1784209240518|464
1784209240531|465
1784209240560|464
1784209240561|465
1784209240573|462
1784209240574|465
1784209240576|459
1784209240619|463
1784209240619|466
1784209240643|466
1784209240655|467
1784209240657|468
1784209241311|465
1784209242371|465
1784209242679|464
1784209242825|469
1784209243025|470
1784209243233|468
1784209243244|454
1784209243376|469
1784209243492|456
1784209243536|461
1784209243619|461
1784209243625|458
1784209243633|454
1784209243703|462
1784209243740|462
1784209243794|465
1784209243840|464
1784209243845|467
1784209243868|466
1784209243947|459
1784209244128|467
1784209244143|466
1784209244212|466
1784209244244|462
1784209244267|468
1784209244335|468
1784209244405|456
1784209244440|462
1784209244447|468
1784209244469|462
1784209244542|467
1784209244562|470
1784209244596|455
1784209244600|460
1784209244607|465
1784209244618|462
1784209244619|461
1784209244623|460
1784209244635|465
1784209244647|458
1784209244649|464
1784209244650|468
1784209244672|465
1784209244706|465
1784209244709|463
1784209244725|465
1784209244742|458
1784209244774|457
1784209244807|461
1784209244808|464
1784209244902|468
1784209244932|465
1784209244935|467
1784209244949|464
1784209244962|463
1784209244981|467
1784209244982|466
1784209244982|467
1784209245013|466
1784209245035|465
1784209245042|463
1784209245099|464
1784209245113|463
1784209245134|464
1784209245146|466
1784209245179|464
1784209245214|466
1784209245229|462
1784209245239|468
1784209245269|461
1784209245276|462
1784209245293|467
1784209245319|465
1784209245336|464
1784209245351|458
1784209245359|464
1784209245363|464
1784209245372|468
1784209245382|467
1784209245394|461
1784209245398|466
1784209245400|467
1784209245409|467
1784209245410|468
1784209245426|470
1784209245480|458
1784209245497|463
1784209245509|461
1784209245523|463
1784209245535|464
1784209245566|465
1784209245567|465
1784209245576|463
1784209245578|466
1784209245579|463
1784209245623|466
1784209245623|462
1784209245648|464
1784209245657|469
1784209245660|463
1784209246316|467
1784209247373|467
1784209247681|463
1784209247827|469
1784209248027|469
1784209248237|466
1784209248248|455
1784209248381|465
1784209248498|462
1784209248540|464
1784209248624|464
1784209248630|466
1784209248637|458
1784209248707|460
1784209248744|468
1784209248792|468
1784209248843|461
1784209248849|470
1784209248868|468
1784209248949|460
1784209249133|466
1784209249150|467
1784209249219|469
1784209249251|464
1784209249274|462
1784209249340|468
1784209249407|461
1784209249445|470
1784209249451|465
1784209249473|466
1784209249547|470
1784209249565|466
1784209249599|464
1784209249603|462
1784209249612|465
1784209249621|462
1784209249621|466
1784209249626|460
1784209249638|467
1784209249650|463
1784209249651|465
1784209249652|465
1784209249676|465
1784209249708|468
1784209249712|464
1784209249728|465
1784209249744|459
1784209249777|458
1784209249809|464
1784209249809|465
1784209249906|468
1784209249936|464
1784209249940|469
1784209249954|466
1784209249968|462
1784209249988|457
1784209249989|464
1784209249989|470
1784209250017|468
1784209250039|466
1784209250046|466
1784209250104|467
1784209250120|464
1784209250139|463
1784209250148|467
1784209250184|466
1784209250219|470
1784209250234|463
1784209250242|471
1784209250273|468
1784209250282|464
1784209250298|464
1784209250324|463
1784209250341|462
1784209250354|462
1784209250361|465
1784209250366|461
1784209250375|467
1784209250383|467
1784209250395|464
1784209250404|464
1784209250406|468
1784209250413|461
1784209250414|464
1784209250429|468
1784209250482|457
1784209250500|463
1784209250508|464
1784209250525|466
1784209250537|463
1784209250567|465
1784209250567|466
1784209250578|464
1784209250579|468
1784209250581|463
1784209250623|460
1784209250625|469
1784209250649|465
1784209250661|468
1784209250664|465
1784209251314|466
1784209252374|468
1784209252680|462
1784209252826|465
1784209253028|467
1784209253239|465
1784209253249|462
1784209253380|466
