{"deviceId":"dev-78","type":"DELTA","size":429,"timestamp":"2026-06-18T11:55:54.345Z"}
{"deviceId":"dev-1","type":"DELTA","size":436,"timestamp":"2026-06-18T11:55:54.600Z"}
{"deviceId":"dev-35","type":"DELTA","size":424,"timestamp":"2026-06-18T11:55:56.279Z"}
{"deviceId":"dev-67","type":"DELTA","size":438,"timestamp":"2026-06-18T11:55:56.850Z"}
{"deviceId":"dev-21","type":"DELTA","size":438,"timestamp":"2026-06-18T11:55:56.992Z"}
{"deviceId":"dev-75","type":"DELTA","size":434,"timestamp":"2026-06-18T11:55:57.310Z"}
{"deviceId":"dev-76","type":"DELTA","size":436,"timestamp":"2026-06-18T11:55:57.641Z"}
{"deviceId":"dev-84","type":"DELTA","size":439,"timestamp":"2026-06-18T11:55:57.767Z"}
{"deviceId":"dev-71","type":"DELTA","size":438,"timestamp":"2026-06-18T11:55:57.769Z"}
{"deviceId":"dev-16","type":"DELTA","size":419,"timestamp":"2026-06-18T11:55:58.015Z"}
{"deviceId":"dev-15","type":"DELTA","size":432,"timestamp":"2026-06-18T11:55:58.121Z"}
{"deviceId":"dev-11","type":"DELTA","size":437,"timestamp":"2026-06-18T11:55:58.505Z"}
{"deviceId":"dev-12","type":"DELTA","size":433,"timestamp":"2026-06-18T11:55:58.676Z"}
{"deviceId":"dev-79","type":"DELTA","size":435,"timestamp":"2026-06-18T11:55:58.755Z"}
{"deviceId":"dev-5","type":"DELTA","size":436,"timestamp":"2026-06-18T11:55:58.776Z"}
{"deviceId":"dev-61","type":"DELTA","size":435,"timestamp":"2026-06-18T11:55:58.780Z"}
{"deviceId":"dev-18","type":"DELTA","size":441,"timestamp":"2026-06-18T11:55:58.800Z"}
{"deviceId":"dev-3","type":"DELTA","size":435,"timestamp":"2026-06-18T11:55:58.887Z"}
{"deviceId":"dev-8","type":"DELTA","size":436,"timestamp":"2026-06-18T11:55:58.980Z"}
{"deviceId":"dev-60","type":"DELTA","size":438,"timestamp":"2026-06-18T11:55:58.999Z"}
{"deviceId":"dev-70","type":"DELTA","size":439,"timestamp":"2026-06-18T11:55:59.053Z"}
{"deviceId":"dev-99","type":"DELTA","size":440,"timestamp":"2026-06-18T11:55:59.131Z"}
{"deviceId":"dev-56","type":"DELTA","size":428,"timestamp":"2026-06-18T11:55:59.132Z"}
{"deviceId":"dev-58","type":"DELTA","size":428,"timestamp":"2026-06-18T11:55:59.153Z"}
{"deviceId":"dev-95","type":"DELTA","size":436,"timestamp":"2026-06-18T11:55:59.179Z"}
{"deviceId":"dev-72","type":"DELTA","size":440,"timestamp":"2026-06-18T11:55:59.182Z"}
{"deviceId":"dev-81","type":"DELTA","size":433,"timestamp":"2026-06-18T11:55:59.250Z"}
{"deviceId":"dev-93","type":"DELTA","size":429,"timestamp":"2026-06-18T11:55:59.253Z"}
{"deviceId":"dev-2","type":"DELTA","size":423,"timestamp":"2026-06-18T11:55:59.342Z"}
{"deviceId":"dev-78","type":"DELTA","size":309,"timestamp":"2026-06-18T11:55:59.344Z"}
{"deviceId":"dev-38","type":"DELTA","size":420,"timestamp":"2026-06-18T11:55:59.378Z"}
{"deviceId":"dev-66","type":"DELTA","size":439,"timestamp":"2026-06-18T11:55:59.411Z"}
{"deviceId":"dev-14","type":"DELTA","size":436,"timestamp":"2026-06-18T11:55:59.500Z"}
{"deviceId":"dev-85","type":"DELTA","size":434,"timestamp":"2026-06-18T11:55:59.536Z"}
{"deviceId":"dev-1","type":"DELTA","size":302,"timestamp":"2026-06-18T11:55:59.599Z"}
{"deviceId":"dev-22","type":"DELTA","size":437,"timestamp":"2026-06-18T11:55:59.617Z"}
{"deviceId":"dev-48","type":"DELTA","size":441,"timestamp":"2026-06-18T11:55:59.644Z"}
{"deviceId":"dev-92","type":"DELTA","size":425,"timestamp":"2026-06-18T11:55:59.667Z"}
{"deviceId":"dev-74","type":"DELTA","size":435,"timestamp":"2026-06-18T11:55:59.695Z"}
{"deviceId":"dev-96","type":"DELTA","size":437,"timestamp":"2026-06-18T11:55:59.735Z"}
{"deviceId":"dev-82","type":"DELTA","size":435,"timestamp":"2026-06-18T11:55:59.742Z"}
{"deviceId":"dev-55","type":"DELTA","size":436,"timestamp":"2026-06-18T11:55:59.751Z"}
{"deviceId":"dev-6","type":"DELTA","size":440,"timestamp":"2026-06-18T11:55:59.767Z"}
{"deviceId":"dev-51","type":"DELTA","size":425,"timestamp":"2026-06-18T11:55:59.907Z"}
{"deviceId":"dev-47","type":"DELTA","size":435,"timestamp":"2026-06-18T11:55:59.920Z"}
{"deviceId":"dev-57","type":"DELTA","size":430,"timestamp":"2026-06-18T11:55:59.944Z"}
{"deviceId":"dev-90","type":"DELTA","size":424,"timestamp":"2026-06-18T11:55:59.957Z"}
{"deviceId":"dev-64","type":"DELTA","size":424,"timestamp":"2026-06-18T11:55:59.971Z"}
{"deviceId":"dev-10","type":"DELTA","size":442,"timestamp":"2026-06-18T11:55:59.991Z"}
{"deviceId":"dev-30","type":"DELTA","size":440,"timestamp":"2026-06-18T11:56:00.120Z"}
{"deviceId":"dev-42","type":"DELTA","size":437,"timestamp":"2026-06-18T11:56:00.180Z"}
{"deviceId":"dev-4","type":"DELTA","size":425,"timestamp":"2026-06-18T11:56:00.214Z"}
{"deviceId":"dev-100","type":"DELTA","size":434,"timestamp":"2026-06-18T11:56:00.240Z"}
{"deviceId":"dev-41","type":"DELTA","size":427,"timestamp":"2026-06-18T11:56:00.273Z"}
{"deviceId":"dev-50","type":"DELTA","size":436,"timestamp":"2026-06-18T11:56:00.295Z"}
{"deviceId":"dev-77","type":"DELTA","size":428,"timestamp":"2026-06-18T11:56:00.304Z"}
{"deviceId":"dev-19","type":"DELTA","size":436,"timestamp":"2026-06-18T11:56:00.306Z"}
{"deviceId":"dev-13","type":"DELTA","size":434,"timestamp":"2026-06-18T11:56:00.319Z"}
{"deviceId":"dev-17","type":"DELTA","size":421,"timestamp":"2026-06-18T11:56:00.342Z"}
{"deviceId":"dev-23","type":"DELTA","size":434,"timestamp":"2026-06-18T11:56:00.438Z"}
{"deviceId":"dev-27","type":"DELTA","size":440,"timestamp":"2026-06-18T11:56:00.453Z"}
{"deviceId":"dev-25","type":"DELTA","size":436,"timestamp":"2026-06-18T11:56:00.472Z"}
{"deviceId":"dev-20","type":"DELTA","size":439,"timestamp":"2026-06-18T11:56:00.478Z"}
{"deviceId":"dev-39","type":"DELTA","size":436,"timestamp":"2026-06-18T11:56:00.480Z"}
{"deviceId":"dev-32","type":"DELTA","size":437,"timestamp":"2026-06-18T11:56:00.481Z"}
{"deviceId":"dev-89","type":"DELTA","size":429,"timestamp":"2026-06-18T11:56:00.497Z"}
{"deviceId":"dev-86","type":"DELTA","size":423,"timestamp":"2026-06-18T11:56:00.509Z"}
{"deviceId":"dev-98","type":"DELTA","size":437,"timestamp":"2026-06-18T11:56:00.555Z"}
{"deviceId":"dev-68","type":"DELTA","size":433,"timestamp":"2026-06-18T11:56:00.569Z"}
{"deviceId":"dev-54","type":"DELTA","size":435,"timestamp":"2026-06-18T11:56:00.575Z"}
{"deviceId":"dev-69","type":"DELTA","size":435,"timestamp":"2026-06-18T11:56:00.577Z"}
{"deviceId":"dev-94","type":"DELTA","size":433,"timestamp":"2026-06-18T11:56:00.598Z"}
{"deviceId":"dev-80","type":"DELTA","size":442,"timestamp":"2026-06-18T11:56:00.622Z"}
{"deviceId":"dev-87","type":"DELTA","size":437,"timestamp":"2026-06-18T11:56:00.692Z"}
{"deviceId":"dev-62","type":"DELTA","size":428,"timestamp":"2026-06-18T11:56:00.718Z"}
{"deviceId":"dev-53","type":"DELTA","size":430,"timestamp":"2026-06-18T11:56:00.726Z"}
{"deviceId":"dev-36","type":"DELTA","size":427,"timestamp":"2026-06-18T11:56:00.740Z"}
{"deviceId":"dev-44","type":"DELTA","size":438,"timestamp":"2026-06-18T11:56:00.748Z"}
{"deviceId":"dev-9","type":"DELTA","size":434,"timestamp":"2026-06-18T11:56:00.781Z"}
{"deviceId":"dev-88","type":"DELTA","size":440,"timestamp":"2026-06-18T11:56:00.791Z"}
{"deviceId":"dev-34","type":"DELTA","size":437,"timestamp":"2026-06-18T11:56:00.808Z"}
{"deviceId":"dev-91","type":"DELTA","size":430,"timestamp":"2026-06-18T11:56:00.817Z"}
{"deviceId":"dev-59","type":"DELTA","size":439,"timestamp":"2026-06-18T11:56:00.835Z"}
{"deviceId":"dev-45","type":"DELTA","size":440,"timestamp":"2026-06-18T11:56:00.883Z"}
{"deviceId":"dev-29","type":"DELTA","size":434,"timestamp":"2026-06-18T11:56:00.901Z"}
{"deviceId":"dev-97","type":"DELTA","size":435,"timestamp":"2026-06-18T11:56:00.970Z"}
{"deviceId":"dev-46","type":"DELTA","size":418,"timestamp":"2026-06-18T11:56:01.040Z"}
{"deviceId":"dev-52","type":"DELTA","size":440,"timestamp":"2026-06-18T11:56:01.051Z"}
{"deviceId":"dev-49","type":"DELTA","size":422,"timestamp":"2026-06-18T11:56:01.067Z"}
{"deviceId":"dev-28","type":"DELTA","size":439,"timestamp":"2026-06-18T11:56:01.075Z"}
{"deviceId":"dev-7","type":"DELTA","size":439,"timestamp":"2026-06-18T11:56:01.075Z"}
{"deviceId":"dev-26","type":"DELTA","size":425,"timestamp":"2026-06-18T11:56:01.081Z"}
{"deviceId":"dev-31","type":"DELTA","size":424,"timestamp":"2026-06-18T11:56:01.125Z"}
{"deviceId":"dev-65","type":"DELTA","size":426,"timestamp":"2026-06-18T11:56:01.131Z"}
{"deviceId":"dev-33","type":"DELTA","size":433,"timestamp":"2026-06-18T11:56:01.137Z"}
{"deviceId":"dev-24","type":"DELTA","size":435,"timestamp":"2026-06-18T11:56:01.142Z"}
{"deviceId":"dev-73","type":"DELTA","size":438,"timestamp":"2026-06-18T11:56:01.151Z"}
{"deviceId":"dev-40","type":"DELTA","size":428,"timestamp":"2026-06-18T11:56:01.159Z"}
{"deviceId":"dev-63","type":"DELTA","size":439,"timestamp":"2026-06-18T11:56:01.172Z"}
{"deviceId":"dev-37","type":"DELTA","size":438,"timestamp":"2026-06-18T11:56:01.191Z"}
{"deviceId":"dev-43","type":"DELTA","size":438,"timestamp":"2026-06-18T11:56:01.205Z"}
{"deviceId":"dev-83","type":"DELTA","size":440,"timestamp":"2026-06-18T11:56:01.208Z"}
{"deviceId":"dev-35","type":"DELTA","size":219,"timestamp":"2026-06-18T11:56:01.279Z"}
{"deviceId":"dev-67","type":"DELTA","size":320,"timestamp":"2026-06-18T11:56:01.849Z"}
{"deviceId":"dev-21","type":"DELTA","size":249,"timestamp":"2026-06-18T11:56:01.993Z"}
{"deviceId":"dev-75","type":"DELTA","size":325,"timestamp":"2026-06-18T11:56:02.308Z"}
{"deviceId":"dev-76","type":"DELTA","size":285,"timestamp":"2026-06-18T11:56:02.639Z"}
{"deviceId":"dev-84","type":"DELTA","size":360,"timestamp":"2026-06-18T11:56:02.767Z"}
{"deviceId":"dev-71","type":"DELTA","size":305,"timestamp":"2026-06-18T11:56:02.769Z"}
{"deviceId":"dev-16","type":"DELTA","size":301,"timestamp":"2026-06-18T11:56:03.016Z"}
{"deviceId":"dev-15","type":"DELTA","size":294,"timestamp":"2026-06-18T11:56:03.119Z"}
{"deviceId":"dev-11","type":"DELTA","size":259,"timestamp":"2026-06-18T11:56:03.504Z"}
{"deviceId":"dev-12","type":"DELTA","size":288,"timestamp":"2026-06-18T11:56:03.676Z"}
{"deviceId":"dev-79","type":"DELTA","size":264,"timestamp":"2026-06-18T11:56:03.756Z"}
{"deviceId":"dev-5","type":"DELTA","size":344,"timestamp":"2026-06-18T11:56:03.777Z"}
{"deviceId":"dev-61","type":"DELTA","size":293,"timestamp":"2026-06-18T11:56:03.782Z"}
{"deviceId":"dev-18","type":"DELTA","size":317,"timestamp":"2026-06-18T11:56:03.802Z"}
{"deviceId":"dev-3","type":"DELTA","size":287,"timestamp":"2026-06-18T11:56:03.886Z"}
{"deviceId":"dev-8","type":"DELTA","size":342,"timestamp":"2026-06-18T11:56:03.979Z"}
{"deviceId":"dev-60","type":"DELTA","size":301,"timestamp":"2026-06-18T11:56:03.996Z"}
{"deviceId":"dev-70","type":"DELTA","size":289,"timestamp":"2026-06-18T11:56:04.056Z"}
{"deviceId":"dev-56","type":"DELTA","size":278,"timestamp":"2026-06-18T11:56:04.134Z"}
{"deviceId":"dev-99","type":"DELTA","size":264,"timestamp":"2026-06-18T11:56:04.134Z"}
{"deviceId":"dev-58","type":"DELTA","size":281,"timestamp":"2026-06-18T11:56:04.156Z"}
{"deviceId":"dev-95","type":"DELTA","size":267,"timestamp":"2026-06-18T11:56:04.177Z"}
{"deviceId":"dev-72","type":"DELTA","size":325,"timestamp":"2026-06-18T11:56:04.180Z"}
{"deviceId":"dev-81","type":"DELTA","size":272,"timestamp":"2026-06-18T11:56:04.251Z"}
{"deviceId":"dev-93","type":"DELTA","size":264,"timestamp":"2026-06-18T11:56:04.254Z"}
{"deviceId":"dev-2","type":"DELTA","size":307,"timestamp":"2026-06-18T11:56:04.342Z"}
{"deviceId":"dev-78","type":"DELTA","size":311,"timestamp":"2026-06-18T11:56:04.349Z"}
{"deviceId":"dev-38","type":"DELTA","size":329,"timestamp":"2026-06-18T11:56:04.379Z"}
{"deviceId":"dev-66","type":"DELTA","size":295,"timestamp":"2026-06-18T11:56:04.412Z"}
{"deviceId":"dev-14","type":"DELTA","size":311,"timestamp":"2026-06-18T11:56:04.501Z"}
{"deviceId":"dev-85","type":"DELTA","size":320,"timestamp":"2026-06-18T11:56:04.538Z"}
{"deviceId":"dev-1","type":"DELTA","size":320,"timestamp":"2026-06-18T11:56:04.606Z"}
{"deviceId":"dev-22","type":"DELTA","size":318,"timestamp":"2026-06-18T11:56:04.619Z"}
{"deviceId":"dev-48","type":"DELTA","size":246,"timestamp":"2026-06-18T11:56:04.646Z"}
{"deviceId":"dev-92","type":"DELTA","size":320,"timestamp":"2026-06-18T11:56:04.669Z"}
{"deviceId":"dev-74","type":"DELTA","size":327,"timestamp":"2026-06-18T11:56:04.698Z"}
{"deviceId":"dev-96","type":"DELTA","size":299,"timestamp":"2026-06-18T11:56:04.737Z"}
{"deviceId":"dev-82","type":"DELTA","size":281,"timestamp":"2026-06-18T11:56:04.743Z"}
{"deviceId":"dev-55","type":"DELTA","size":290,"timestamp":"2026-06-18T11:56:04.752Z"}
{"deviceId":"dev-6","type":"DELTA","size":285,"timestamp":"2026-06-18T11:56:04.768Z"}
{"deviceId":"dev-51","type":"DELTA","size":320,"timestamp":"2026-06-18T11:56:04.905Z"}
{"deviceId":"dev-47","type":"DELTA","size":276,"timestamp":"2026-06-18T11:56:04.919Z"}
{"deviceId":"dev-57","type":"DELTA","size":297,"timestamp":"2026-06-18T11:56:04.941Z"}
{"deviceId":"dev-90","type":"DELTA","size":299,"timestamp":"2026-06-18T11:56:04.959Z"}
{"deviceId":"dev-64","type":"DELTA","size":300,"timestamp":"2026-06-18T11:56:04.974Z"}
{"deviceId":"dev-10","type":"DELTA","size":381,"timestamp":"2026-06-18T11:56:04.994Z"}
{"deviceId":"dev-30","type":"DELTA","size":295,"timestamp":"2026-06-18T11:56:05.121Z"}
{"deviceId":"dev-42","type":"DELTA","size":289,"timestamp":"2026-06-18T11:56:05.182Z"}
{"deviceId":"dev-4","type":"DELTA","size":310,"timestamp":"2026-06-18T11:56:05.216Z"}
{"deviceId":"dev-100","type":"DELTA","size":334,"timestamp":"2026-06-18T11:56:05.243Z"}
{"deviceId":"dev-41","type":"DELTA","size":312,"timestamp":"2026-06-18T11:56:05.275Z"}
{"deviceId":"dev-50","type":"DELTA","size":311,"timestamp":"2026-06-18T11:56:05.298Z"}
{"deviceId":"dev-77","type":"DELTA","size":286,"timestamp":"2026-06-18T11:56:05.306Z"}
{"deviceId":"dev-19","type":"DELTA","size":290,"timestamp":"2026-06-18T11:56:05.307Z"}
{"deviceId":"dev-13","type":"DELTA","size":358,"timestamp":"2026-06-18T11:56:05.323Z"}
{"deviceId":"dev-17","type":"DELTA","size":273,"timestamp":"2026-06-18T11:56:05.344Z"}
{"deviceId":"dev-23","type":"DELTA","size":294,"timestamp":"2026-06-18T11:56:05.442Z"}
{"deviceId":"dev-27","type":"DELTA","size":296,"timestamp":"2026-06-18T11:56:05.455Z"}
{"deviceId":"dev-25","type":"DELTA","size":310,"timestamp":"2026-06-18T11:56:05.474Z"}
{"deviceId":"dev-20","type":"DELTA","size":254,"timestamp":"2026-06-18T11:56:05.480Z"}
{"deviceId":"dev-39","type":"DELTA","size":294,"timestamp":"2026-06-18T11:56:05.482Z"}
{"deviceId":"dev-32","type":"DELTA","size":314,"timestamp":"2026-06-18T11:56:05.485Z"}
{"deviceId":"dev-89","type":"DELTA","size":200,"timestamp":"2026-06-18T11:56:05.499Z"}
{"deviceId":"dev-86","type":"DELTA","size":307,"timestamp":"2026-06-18T11:56:05.512Z"}
{"deviceId":"dev-98","type":"DELTA","size":284,"timestamp":"2026-06-18T11:56:05.553Z"}
{"deviceId":"dev-68","type":"DELTA","size":229,"timestamp":"2026-06-18T11:56:05.568Z"}
{"deviceId":"dev-54","type":"DELTA","size":364,"timestamp":"2026-06-18T11:56:05.573Z"}
{"deviceId":"dev-69","type":"DELTA","size":284,"timestamp":"2026-06-18T11:56:05.574Z"}
{"deviceId":"dev-94","type":"DELTA","size":259,"timestamp":"2026-06-18T11:56:05.601Z"}
{"deviceId":"dev-80","type":"DELTA","size":314,"timestamp":"2026-06-18T11:56:05.624Z"}
{"deviceId":"dev-87","type":"DELTA","size":362,"timestamp":"2026-06-18T11:56:05.696Z"}
{"deviceId":"dev-62","type":"DELTA","size":316,"timestamp":"2026-06-18T11:56:05.720Z"}
{"deviceId":"dev-53","type":"DELTA","size":336,"timestamp":"2026-06-18T11:56:05.730Z"}
{"deviceId":"dev-36","type":"DELTA","size":322,"timestamp":"2026-06-18T11:56:05.742Z"}
{"deviceId":"dev-44","type":"DELTA","size":312,"timestamp":"2026-06-18T11:56:05.751Z"}
{"deviceId":"dev-9","type":"DELTA","size":304,"timestamp":"2026-06-18T11:56:05.784Z"}
{"deviceId":"dev-88","type":"DELTA","size":348,"timestamp":"2026-06-18T11:56:05.794Z"}
{"deviceId":"dev-34","type":"DELTA","size":347,"timestamp":"2026-06-18T11:56:05.810Z"}
{"deviceId":"dev-91","type":"DELTA","size":305,"timestamp":"2026-06-18T11:56:05.820Z"}
{"deviceId":"dev-59","type":"DELTA","size":295,"timestamp":"2026-06-18T11:56:05.837Z"}
{"deviceId":"dev-45","type":"DELTA","size":302,"timestamp":"2026-06-18T11:56:05.886Z"}
{"deviceId":"dev-29","type":"DELTA","size":283,"timestamp":"2026-06-18T11:56:05.903Z"}
{"deviceId":"dev-97","type":"DELTA","size":302,"timestamp":"2026-06-18T11:56:05.972Z"}
{"deviceId":"dev-46","type":"DELTA","size":286,"timestamp":"2026-06-18T11:56:06.042Z"}
{"deviceId":"dev-52","type":"DELTA","size":327,"timestamp":"2026-06-18T11:56:06.053Z"}
{"deviceId":"dev-49","type":"DELTA","size":308,"timestamp":"2026-06-18T11:56:06.069Z"}
{"deviceId":"dev-28","type":"DELTA","size":253,"timestamp":"2026-06-18T11:56:06.077Z"}
{"deviceId":"dev-7","type":"DELTA","size":274,"timestamp":"2026-06-18T11:56:06.078Z"}
{"deviceId":"dev-26","type":"DELTA","size":328,"timestamp":"2026-06-18T11:56:06.083Z"}
{"deviceId":"dev-31","type":"DELTA","size":303,"timestamp":"2026-06-18T11:56:06.127Z"}
{"deviceId":"dev-65","type":"DELTA","size":265,"timestamp":"2026-06-18T11:56:06.133Z"}
{"deviceId":"dev-33","type":"DELTA","size":315,"timestamp":"2026-06-18T11:56:06.139Z"}
{"deviceId":"dev-24","type":"DELTA","size":290,"timestamp":"2026-06-18T11:56:06.144Z"}
{"deviceId":"dev-73","type":"DELTA","size":295,"timestamp":"2026-06-18T11:56:06.153Z"}
{"deviceId":"dev-40","type":"DELTA","size":312,"timestamp":"2026-06-18T11:56:06.161Z"}
{"deviceId":"dev-63","type":"DELTA","size":334,"timestamp":"2026-06-18T11:56:06.174Z"}
{"deviceId":"dev-37","type":"DELTA","size":227,"timestamp":"2026-06-18T11:56:06.194Z"}
{"deviceId":"dev-43","type":"DELTA","size":278,"timestamp":"2026-06-18T11:56:06.208Z"}
{"deviceId":"dev-83","type":"DELTA","size":342,"timestamp":"2026-06-18T11:56:06.212Z"}
{"deviceId":"dev-35","type":"DELTA","size":270,"timestamp":"2026-06-18T11:56:06.282Z"}
{"deviceId":"dev-67","type":"DELTA","size":323,"timestamp":"2026-06-18T11:56:06.854Z"}
{"deviceId":"dev-21","type":"DELTA","size":303,"timestamp":"2026-06-18T11:56:06.998Z"}
{"deviceId":"dev-75","type":"DELTA","size":353,"timestamp":"2026-06-18T11:56:07.313Z"}
{"deviceId":"dev-76","type":"DELTA","size":278,"timestamp":"2026-06-18T11:56:07.644Z"}
{"deviceId":"dev-84","type":"DELTA","size":295,"timestamp":"2026-06-18T11:56:07.772Z"}
{"deviceId":"dev-71","type":"DELTA","size":328,"timestamp":"2026-06-18T11:56:07.774Z"}
{"deviceId":"dev-16","type":"DELTA","size":267,"timestamp":"2026-06-18T11:56:08.021Z"}
{"deviceId":"dev-15","type":"DELTA","size":328,"timestamp":"2026-06-18T11:56:08.124Z"}
{"deviceId":"dev-11","type":"DELTA","size":272,"timestamp":"2026-06-18T11:56:08.509Z"}
{"deviceId":"dev-12","type":"DELTA","size":344,"timestamp":"2026-06-18T11:56:08.681Z"}
{"deviceId":"dev-79","type":"DELTA","size":295,"timestamp":"2026-06-18T11:56:08.761Z"}
{"deviceId":"dev-5","type":"DELTA","size":351,"timestamp":"2026-06-18T11:56:08.782Z"}
{"deviceId":"dev-61","type":"DELTA","size":349,"timestamp":"2026-06-18T11:56:08.787Z"}
{"deviceId":"dev-18","type":"DELTA","size":349,"timestamp":"2026-06-18T11:56:08.806Z"}
{"deviceId":"dev-3","type":"DELTA","size":272,"timestamp":"2026-06-18T11:56:08.891Z"}
{"deviceId":"dev-8","type":"DELTA","size":273,"timestamp":"2026-06-18T11:56:08.984Z"}
{"deviceId":"dev-60","type":"DELTA","size":343,"timestamp":"2026-06-18T11:56:09.002Z"}
{"deviceId":"dev-70","type":"DELTA","size":318,"timestamp":"2026-06-18T11:56:09.056Z"}
{"deviceId":"dev-99","type":"DELTA","size":297,"timestamp":"2026-06-18T11:56:09.138Z"}
{"deviceId":"dev-56","type":"DELTA","size":261,"timestamp":"2026-06-18T11:56:09.139Z"}
{"deviceId":"dev-58","type":"DELTA","size":286,"timestamp":"2026-06-18T11:56:09.160Z"}
{"deviceId":"dev-95","type":"DELTA","size":304,"timestamp":"2026-06-18T11:56:09.181Z"}
{"deviceId":"dev-72","type":"DELTA","size":292,"timestamp":"2026-06-18T11:56:09.185Z"}
{"deviceId":"dev-81","type":"DELTA","size":324,"timestamp":"2026-06-18T11:56:09.256Z"}
{"deviceId":"dev-93","type":"DELTA","size":307,"timestamp":"2026-06-18T11:56:09.258Z"}
{"deviceId":"dev-2","type":"DELTA","size":320,"timestamp":"2026-06-18T11:56:09.347Z"}
{"deviceId":"dev-78","type":"DELTA","size":270,"timestamp":"2026-06-18T11:56:09.353Z"}
{"deviceId":"dev-38","type":"DELTA","size":313,"timestamp":"2026-06-18T11:56:09.384Z"}
{"deviceId":"dev-66","type":"DELTA","size":290,"timestamp":"2026-06-18T11:56:09.417Z"}
{"deviceId":"dev-14","type":"DELTA","size":290,"timestamp":"2026-06-18T11:56:09.506Z"}
{"deviceId":"dev-85","type":"DELTA","size":318,"timestamp":"2026-06-18T11:56:09.542Z"}
{"deviceId":"dev-1","type":"DELTA","size":329,"timestamp":"2026-06-18T11:56:09.610Z"}
{"deviceId":"dev-22","type":"DELTA","size":309,"timestamp":"2026-06-18T11:56:09.623Z"}
{"deviceId":"dev-48","type":"DELTA","size":289,"timestamp":"2026-06-18T11:56:09.648Z"}
{"deviceId":"dev-92","type":"DELTA","size":283,"timestamp":"2026-06-18T11:56:09.672Z"}
{"deviceId":"dev-74","type":"DELTA","size":272,"timestamp":"2026-06-18T11:56:09.703Z"}
{"deviceId":"dev-96","type":"DELTA","size":302,"timestamp":"2026-06-18T11:56:09.738Z"}
{"deviceId":"dev-82","type":"DELTA","size":339,"timestamp":"2026-06-18T11:56:09.747Z"}
{"deviceId":"dev-55","type":"DELTA","size":334,"timestamp":"2026-06-18T11:56:09.757Z"}
{"deviceId":"dev-6","type":"DELTA","size":281,"timestamp":"2026-06-18T11:56:09.772Z"}
{"deviceId":"dev-51","type":"DELTA","size":314,"timestamp":"2026-06-18T11:56:09.910Z"}
{"deviceId":"dev-47","type":"DELTA","size":347,"timestamp":"2026-06-18T11:56:09.925Z"}
{"deviceId":"dev-57","type":"DELTA","size":349,"timestamp":"2026-06-18T11:56:09.945Z"}
{"deviceId":"dev-90","type":"DELTA","size":282,"timestamp":"2026-06-18T11:56:09.963Z"}
{"deviceId":"dev-64","type":"DELTA","size":358,"timestamp":"2026-06-18T11:56:09.979Z"}
{"deviceId":"dev-10","type":"DELTA","size":283,"timestamp":"2026-06-18T11:56:09.998Z"}
{"deviceId":"dev-30","type":"DELTA","size":293,"timestamp":"2026-06-18T11:56:10.126Z"}
{"deviceId":"dev-42","type":"DELTA","size":286,"timestamp":"2026-06-18T11:56:10.186Z"}
{"deviceId":"dev-4","type":"DELTA","size":331,"timestamp":"2026-06-18T11:56:10.221Z"}
{"deviceId":"dev-100","type":"DELTA","size":293,"timestamp":"2026-06-18T11:56:10.248Z"}
{"deviceId":"dev-41","type":"DELTA","size":293,"timestamp":"2026-06-18T11:56:10.280Z"}
{"deviceId":"dev-50","type":"DELTA","size":287,"timestamp":"2026-06-18T11:56:10.303Z"}
{"deviceId":"dev-19","type":"DELTA","size":388,"timestamp":"2026-06-18T11:56:10.308Z"}
{"deviceId":"dev-77","type":"DELTA","size":295,"timestamp":"2026-06-18T11:56:10.311Z"}
{"deviceId":"dev-13","type":"DELTA","size":348,"timestamp":"2026-06-18T11:56:10.325Z"}
{"deviceId":"dev-17","type":"DELTA","size":231,"timestamp":"2026-06-18T11:56:10.349Z"}
{"deviceId":"dev-23","type":"DELTA","size":335,"timestamp":"2026-06-18T11:56:10.447Z"}
{"deviceId":"dev-27","type":"DELTA","size":298,"timestamp":"2026-06-18T11:56:10.460Z"}
{"deviceId":"dev-25","type":"DELTA","size":334,"timestamp":"2026-06-18T11:56:10.479Z"}
{"deviceId":"dev-20","type":"DELTA","size":260,"timestamp":"2026-06-18T11:56:10.486Z"}
{"deviceId":"dev-39","type":"DELTA","size":289,"timestamp":"2026-06-18T11:56:10.487Z"}
{"deviceId":"dev-32","type":"DELTA","size":325,"timestamp":"2026-06-18T11:56:10.489Z"}
{"deviceId":"dev-89","type":"DELTA","size":308,"timestamp":"2026-06-18T11:56:10.504Z"}
{"deviceId":"dev-86","type":"DELTA","size":316,"timestamp":"2026-06-18T11:56:10.516Z"}
{"deviceId":"dev-98","type":"DELTA","size":321,"timestamp":"2026-06-18T11:56:10.559Z"}
{"deviceId":"dev-68","type":"DELTA","size":249,"timestamp":"2026-06-18T11:56:10.572Z"}
{"deviceId":"dev-54","type":"DELTA","size":323,"timestamp":"2026-06-18T11:56:10.577Z"}
{"deviceId":"dev-69","type":"DELTA","size":364,"timestamp":"2026-06-18T11:56:10.578Z"}
{"deviceId":"dev-94","type":"DELTA","size":298,"timestamp":"2026-06-18T11:56:10.607Z"}
{"deviceId":"dev-80","type":"DELTA","size":230,"timestamp":"2026-06-18T11:56:10.629Z"}
{"deviceId":"dev-87","type":"DELTA","size":302,"timestamp":"2026-06-18T11:56:10.701Z"}
{"deviceId":"dev-62","type":"DELTA","size":282,"timestamp":"2026-06-18T11:56:10.725Z"}
{"deviceId":"dev-53","type":"DELTA","size":296,"timestamp":"2026-06-18T11:56:10.735Z"}
{"deviceId":"dev-36","type":"DELTA","size":311,"timestamp":"2026-06-18T11:56:10.746Z"}
{"deviceId":"dev-44","type":"DELTA","size":246,"timestamp":"2026-06-18T11:56:10.757Z"}
{"deviceId":"dev-9","type":"DELTA","size":319,"timestamp":"2026-06-18T11:56:10.788Z"}
{"deviceId":"dev-88","type":"DELTA","size":293,"timestamp":"2026-06-18T11:56:10.799Z"}
{"deviceId":"dev-34","type":"DELTA","size":272,"timestamp":"2026-06-18T11:56:10.815Z"}
{"deviceId":"dev-91","type":"DELTA","size":258,"timestamp":"2026-06-18T11:56:10.824Z"}
{"deviceId":"dev-59","type":"DELTA","size":289,"timestamp":"2026-06-18T11:56:10.842Z"}
{"deviceId":"dev-45","type":"DELTA","size":363,"timestamp":"2026-06-18T11:56:10.889Z"}
{"deviceId":"dev-29","type":"DELTA","size":303,"timestamp":"2026-06-18T11:56:10.908Z"}
{"deviceId":"dev-97","type":"DELTA","size":267,"timestamp":"2026-06-18T11:56:10.977Z"}
{"deviceId":"dev-46","type":"DELTA","size":339,"timestamp":"2026-06-18T11:56:11.047Z"}
{"deviceId":"dev-52","type":"DELTA","size":298,"timestamp":"2026-06-18T11:56:11.058Z"}
{"deviceId":"dev-49","type":"DELTA","size":265,"timestamp":"2026-06-18T11:56:11.074Z"}
{"deviceId":"dev-28","type":"DELTA","size":273,"timestamp":"2026-06-18T11:56:11.082Z"}
{"deviceId":"dev-7","type":"DELTA","size":245,"timestamp":"2026-06-18T11:56:11.083Z"}
{"deviceId":"dev-26","type":"DELTA","size":294,"timestamp":"2026-06-18T11:56:11.088Z"}
{"deviceId":"dev-31","type":"DELTA","size":267,"timestamp":"2026-06-18T11:56:11.133Z"}
{"deviceId":"dev-65","type":"DELTA","size":216,"timestamp":"2026-06-18T11:56:11.138Z"}
{"deviceId":"dev-33","type":"DELTA","size":356,"timestamp":"2026-06-18T11:56:11.144Z"}
{"deviceId":"dev-24","type":"DELTA","size":313,"timestamp":"2026-06-18T11:56:11.145Z"}
{"deviceId":"dev-73","type":"DELTA","size":214,"timestamp":"2026-06-18T11:56:11.158Z"}
{"deviceId":"dev-40","type":"DELTA","size":215,"timestamp":"2026-06-18T11:56:11.166Z"}
{"deviceId":"dev-63","type":"DELTA","size":265,"timestamp":"2026-06-18T11:56:11.176Z"}
{"deviceId":"dev-37","type":"DELTA","size":279,"timestamp":"2026-06-18T11:56:11.199Z"}
{"deviceId":"dev-43","type":"DELTA","size":373,"timestamp":"2026-06-18T11:56:11.214Z"}
{"deviceId":"dev-83","type":"DELTA","size":246,"timestamp":"2026-06-18T11:56:11.216Z"}
{"deviceId":"dev-35","type":"DELTA","size":344,"timestamp":"2026-06-18T11:56:11.285Z"}
{"deviceId":"dev-67","type":"DELTA","size":329,"timestamp":"2026-06-18T11:56:11.858Z"}
{"deviceId":"dev-21","type":"DELTA","size":280,"timestamp":"2026-06-18T11:56:12.003Z"}
{"deviceId":"dev-75","type":"DELTA","size":375,"timestamp":"2026-06-18T11:56:12.317Z"}
{"deviceId":"dev-76","type":"DELTA","size":333,"timestamp":"2026-06-18T11:56:12.648Z"}
{"deviceId":"dev-84","type":"DELTA","size":218,"timestamp":"2026-06-18T11:56:12.778Z"}
{"deviceId":"dev-71","type":"DELTA","size":374,"timestamp":"2026-06-18T11:56:12.778Z"}
{"deviceId":"dev-16","type":"DELTA","size":172,"timestamp":"2026-06-18T11:56:13.025Z"}
{"deviceId":"dev-15","type":"DELTA","size":312,"timestamp":"2026-06-18T11:56:13.127Z"}
{"deviceId":"dev-11","type":"DELTA","size":311,"timestamp":"2026-06-18T11:56:13.514Z"}
{"deviceId":"dev-12","type":"DELTA","size":339,"timestamp":"2026-06-18T11:56:13.686Z"}
{"deviceId":"dev-79","type":"DELTA","size":270,"timestamp":"2026-06-18T11:56:13.765Z"}
{"deviceId":"dev-5","type":"DELTA","size":293,"timestamp":"2026-06-18T11:56:13.786Z"}
{"deviceId":"dev-61","type":"DELTA","size":360,"timestamp":"2026-06-18T11:56:13.792Z"}
{"deviceId":"dev-18","type":"DELTA","size":234,"timestamp":"2026-06-18T11:56:13.811Z"}
{"deviceId":"dev-3","type":"DELTA","size":259,"timestamp":"2026-06-18T11:56:13.896Z"}
{"deviceId":"dev-8","type":"DELTA","size":309,"timestamp":"2026-06-18T11:56:13.987Z"}
{"deviceId":"dev-60","type":"DELTA","size":235,"timestamp":"2026-06-18T11:56:14.006Z"}
{"deviceId":"dev-70","type":"DELTA","size":267,"timestamp":"2026-06-18T11:56:14.059Z"}
{"deviceId":"dev-99","type":"DELTA","size":292,"timestamp":"2026-06-18T11:56:14.142Z"}
{"deviceId":"dev-56","type":"DELTA","size":361,"timestamp":"2026-06-18T11:56:14.143Z"}
{"deviceId":"dev-58","type":"DELTA","size":251,"timestamp":"2026-06-18T11:56:14.164Z"}
{"deviceId":"dev-95","type":"DELTA","size":265,"timestamp":"2026-06-18T11:56:14.185Z"}
{"deviceId":"dev-72","type":"DELTA","size":298,"timestamp":"2026-06-18T11:56:14.190Z"}
{"deviceId":"dev-81","type":"DELTA","size":299,"timestamp":"2026-06-18T11:56:14.260Z"}
{"deviceId":"dev-93","type":"DELTA","size":291,"timestamp":"2026-06-18T11:56:14.262Z"}
{"deviceId":"dev-2","type":"DELTA","size":276,"timestamp":"2026-06-18T11:56:14.351Z"}
{"deviceId":"dev-78","type":"DELTA","size":274,"timestamp":"2026-06-18T11:56:14.354Z"}
{"deviceId":"dev-38","type":"DELTA","size":278,"timestamp":"2026-06-18T11:56:14.388Z"}
{"deviceId":"dev-66","type":"DELTA","size":319,"timestamp":"2026-06-18T11:56:14.421Z"}
{"deviceId":"dev-14","type":"DELTA","size":272,"timestamp":"2026-06-18T11:56:14.510Z"}
{"deviceId":"dev-85","type":"DELTA","size":244,"timestamp":"2026-06-18T11:56:14.547Z"}
{"deviceId":"dev-1","type":"DELTA","size":288,"timestamp":"2026-06-18T11:56:14.610Z"}
{"deviceId":"dev-22","type":"DELTA","size":357,"timestamp":"2026-06-18T11:56:14.629Z"}
{"deviceId":"dev-48","type":"DELTA","size":312,"timestamp":"2026-06-18T11:56:14.651Z"}
{"deviceId":"dev-92","type":"DELTA","size":325,"timestamp":"2026-06-18T11:56:14.677Z"}
{"deviceId":"dev-74","type":"DELTA","size":307,"timestamp":"2026-06-18T11:56:14.708Z"}
{"deviceId":"dev-96","type":"DELTA","size":244,"timestamp":"2026-06-18T11:56:14.743Z"}
{"deviceId":"dev-82","type":"DELTA","size":273,"timestamp":"2026-06-18T11:56:14.752Z"}
{"deviceId":"dev-55","type":"DELTA","size":295,"timestamp":"2026-06-18T11:56:14.762Z"}
{"deviceId":"dev-6","type":"DELTA","size":320,"timestamp":"2026-06-18T11:56:14.775Z"}
{"deviceId":"dev-51","type":"DELTA","size":284,"timestamp":"2026-06-18T11:56:14.914Z"}
{"deviceId":"dev-47","type":"DELTA","size":351,"timestamp":"2026-06-18T11:56:14.926Z"}
{"deviceId":"dev-57","type":"DELTA","size":290,"timestamp":"2026-06-18T11:56:14.949Z"}
{"deviceId":"dev-90","type":"DELTA","size":326,"timestamp":"2026-06-18T11:56:14.967Z"}
{"deviceId":"dev-64","type":"DELTA","size":343,"timestamp":"2026-06-18T11:56:14.983Z"}
{"deviceId":"dev-10","type":"DELTA","size":377,"timestamp":"2026-06-18T11:56:15.003Z"}
{"deviceId":"dev-30","type":"DELTA","size":356,"timestamp":"2026-06-18T11:56:15.130Z"}
{"deviceId":"dev-42","type":"DELTA","size":316,"timestamp":"2026-06-18T11:56:15.190Z"}
{"deviceId":"dev-4","type":"DELTA","size":267,"timestamp":"2026-06-18T11:56:15.225Z"}
{"deviceId":"dev-100","type":"DELTA","size":296,"timestamp":"2026-06-18T11:56:15.252Z"}
{"deviceId":"dev-41","type":"DELTA","size":289,"timestamp":"2026-06-18T11:56:15.285Z"}
{"deviceId":"dev-50","type":"DELTA","size":318,"timestamp":"2026-06-18T11:56:15.305Z"}
{"deviceId":"dev-19","type":"DELTA","size":299,"timestamp":"2026-06-18T11:56:15.313Z"}
{"deviceId":"dev-77","type":"DELTA","size":335,"timestamp":"2026-06-18T11:56:15.316Z"}
{"deviceId":"dev-13","type":"DELTA","size":300,"timestamp":"2026-06-18T11:56:15.330Z"}
{"deviceId":"dev-17","type":"DELTA","size":334,"timestamp":"2026-06-18T11:56:15.354Z"}
{"deviceId":"dev-23","type":"DELTA","size":281,"timestamp":"2026-06-18T11:56:15.451Z"}
{"deviceId":"dev-27","type":"DELTA","size":382,"timestamp":"2026-06-18T11:56:15.464Z"}
{"deviceId":"dev-25","type":"DELTA","size":251,"timestamp":"2026-06-18T11:56:15.484Z"}
{"deviceId":"dev-20","type":"DELTA","size":336,"timestamp":"2026-06-18T11:56:15.489Z"}
{"deviceId":"dev-39","type":"DELTA","size":377,"timestamp":"2026-06-18T11:56:15.492Z"}
{"deviceId":"dev-32","type":"DELTA","size":314,"timestamp":"2026-06-18T11:56:15.493Z"}
{"deviceId":"dev-89","type":"DELTA","size":259,"timestamp":"2026-06-18T11:56:15.508Z"}
{"deviceId":"dev-86","type":"DELTA","size":235,"timestamp":"2026-06-18T11:56:15.521Z"}
{"deviceId":"dev-98","type":"DELTA","size":304,"timestamp":"2026-06-18T11:56:15.563Z"}
{"deviceId":"dev-68","type":"DELTA","size":366,"timestamp":"2026-06-18T11:56:15.576Z"}
{"deviceId":"dev-54","type":"DELTA","size":215,"timestamp":"2026-06-18T11:56:15.581Z"}
{"deviceId":"dev-69","type":"DELTA","size":264,"timestamp":"2026-06-18T11:56:15.581Z"}
{"deviceId":"dev-94","type":"DELTA","size":260,"timestamp":"2026-06-18T11:56:15.611Z"}
{"deviceId":"dev-80","type":"DELTA","size":328,"timestamp":"2026-06-18T11:56:15.634Z"}
{"deviceId":"dev-87","type":"DELTA","size":265,"timestamp":"2026-06-18T11:56:15.703Z"}
{"deviceId":"dev-62","type":"DELTA","size":271,"timestamp":"2026-06-18T11:56:15.729Z"}
{"deviceId":"dev-53","type":"DELTA","size":378,"timestamp":"2026-06-18T11:56:15.737Z"}
{"deviceId":"dev-36","type":"DELTA","size":329,"timestamp":"2026-06-18T11:56:15.750Z"}
{"deviceId":"dev-44","type":"DELTA","size":354,"timestamp":"2026-06-18T11:56:15.760Z"}
{"deviceId":"dev-9","type":"DELTA","size":306,"timestamp":"2026-06-18T11:56:15.790Z"}
{"deviceId":"dev-88","type":"DELTA","size":299,"timestamp":"2026-06-18T11:56:15.802Z"}
{"deviceId":"dev-34","type":"DELTA","size":286,"timestamp":"2026-06-18T11:56:15.819Z"}
{"deviceId":"dev-91","type":"DELTA","size":288,"timestamp":"2026-06-18T11:56:15.828Z"}
{"deviceId":"dev-59","type":"DELTA","size":336,"timestamp":"2026-06-18T11:56:15.845Z"}
{"deviceId":"dev-45","type":"DELTA","size":347,"timestamp":"2026-06-18T11:56:15.893Z"}
{"deviceId":"dev-29","type":"DELTA","size":303,"timestamp":"2026-06-18T11:56:15.912Z"}
{"deviceId":"dev-97","type":"DELTA","size":274,"timestamp":"2026-06-18T11:56:15.981Z"}
{"deviceId":"dev-46","type":"DELTA","size":321,"timestamp":"2026-06-18T11:56:16.051Z"}
{"deviceId":"dev-52","type":"DELTA","size":316,"timestamp":"2026-06-18T11:56:16.063Z"}
{"deviceId":"dev-49","type":"DELTA","size":351,"timestamp":"2026-06-18T11:56:16.078Z"}
{"deviceId":"dev-28","type":"DELTA","size":346,"timestamp":"2026-06-18T11:56:16.086Z"}
{"deviceId":"dev-7","type":"DELTA","size":348,"timestamp":"2026-06-18T11:56:16.087Z"}
{"deviceId":"dev-26","type":"DELTA","size":258,"timestamp":"2026-06-18T11:56:16.092Z"}
{"deviceId":"dev-31","type":"DELTA","size":300,"timestamp":"2026-06-18T11:56:16.136Z"}
{"deviceId":"dev-65","type":"DELTA","size":300,"timestamp":"2026-06-18T11:56:16.143Z"}
{"deviceId":"dev-33","type":"DELTA","size":270,"timestamp":"2026-06-18T11:56:16.148Z"}
{"deviceId":"dev-24","type":"DELTA","size":319,"timestamp":"2026-06-18T11:56:16.149Z"}
{"deviceId":"dev-73","type":"DELTA","size":326,"timestamp":"2026-06-18T11:56:16.162Z"}
{"deviceId":"dev-40","type":"DELTA","size":287,"timestamp":"2026-06-18T11:56:16.170Z"}
{"deviceId":"dev-63","type":"DELTA","size":318,"timestamp":"2026-06-18T11:56:16.179Z"}
{"deviceId":"dev-37","type":"DELTA","size":256,"timestamp":"2026-06-18T11:56:16.204Z"}
{"deviceId":"dev-43","type":"DELTA","size":315,"timestamp":"2026-06-18T11:56:16.217Z"}
{"deviceId":"dev-83","type":"DELTA","size":236,"timestamp":"2026-06-18T11:56:16.221Z"}
{"deviceId":"dev-35","type":"DELTA","size":327,"timestamp":"2026-06-18T11:56:16.285Z"}
{"deviceId":"dev-67","type":"DELTA","size":339,"timestamp":"2026-06-18T11:56:16.859Z"}
{"deviceId":"dev-21","type":"DELTA","size":294,"timestamp":"2026-06-18T11:56:17.003Z"}
{"deviceId":"dev-75","type":"DELTA","size":268,"timestamp":"2026-06-18T11:56:17.319Z"}
{"deviceId":"dev-76","type":"DELTA","size":344,"timestamp":"2026-06-18T11:56:17.649Z"}
{"deviceId":"dev-84","type":"DELTA","size":230,"timestamp":"2026-06-18T11:56:17.778Z"}
{"deviceId":"dev-71","type":"DELTA","size":319,"timestamp":"2026-06-18T11:56:17.780Z"}
{"deviceId":"dev-16","type":"DELTA","size":267,"timestamp":"2026-06-18T11:56:18.026Z"}
{"deviceId":"dev-15","type":"DELTA","size":245,"timestamp":"2026-06-18T11:56:18.128Z"}
{"deviceId":"dev-11","type":"DELTA","size":327,"timestamp":"2026-06-18T11:56:18.515Z"}
{"deviceId":"dev4","type":"DELTA","size":613,"timestamp":"2026-06-18T12:05:14.359Z"}
{"deviceId":"dev4","type":"DELTA","size":421,"timestamp":"2026-06-18T12:05:19.359Z"}
{"deviceId":"dev4","type":"DELTA","size":454,"timestamp":"2026-06-18T12:05:24.365Z"}
{"deviceId":"sl-100","type":"DELTA","size":616,"timestamp":"2026-06-18T12:05:53.017Z"}
{"deviceId":"sl-100","type":"DELTA","size":400,"timestamp":"2026-06-18T12:05:58.016Z"}
{"deviceId":"sl-100","type":"DELTA","size":348,"timestamp":"2026-06-18T12:06:03.020Z"}
{"deviceId":"sl-100","type":"DELTA","size":411,"timestamp":"2026-06-18T12:06:08.022Z"}
{"deviceId":"ch-100","type":"DELTA","size":598,"timestamp":"2026-06-18T12:06:20.763Z"}
{"deviceId":"ch-100","type":"DELTA","size":508,"timestamp":"2026-06-18T12:06:36.474Z"}
{"deviceId":"ch-100","type":"DELTA","size":280,"timestamp":"2026-06-18T12:06:41.472Z"}
{"deviceId":"ch-100","type":"DELTA","size":530,"timestamp":"2026-06-18T12:06:58.344Z"}
{"deviceId":"ch-100","type":"DELTA","size":503,"timestamp":"2026-06-18T12:07:09.181Z"}
{"deviceId":"ch-100","type":"DELTA","size":523,"timestamp":"2026-06-18T12:25:09.980Z"}
{"deviceId":"cp-100","type":"DELTA","size":435,"timestamp":"2026-06-18T12:26:02.710Z"}
{"deviceId":"cp-100","type":"DELTA","size":436,"timestamp":"2026-06-18T12:26:15.322Z"}
{"deviceId":"cp-100","type":"DELTA","size":273,"timestamp":"2026-06-18T12:26:20.322Z"}
